// Jest Snapshot v1, https://goo.gl/fbAQLP

exports[`ArkaplanMuhafizServisi — ANDROID PLANI KAYIT-OYNAT yogun fikstur — bildirim + anons cagrilarinin TAM argumanlari 1`] = `
{
  "anonslar": [
    {
      "dkKala": 8,
      "id": "muhafiz_<BUGUN>_vakit_aksam_seviye_3_dk_8",
      "metin": "Akşam vakti çıkıyor, 8 dakika kaldı.",
    },
    {
      "dkKala": 4,
      "id": "muhafiz_<BUGUN>_vakit_aksam_seviye_3_dk_4",
      "metin": "Akşam vakti çıkıyor, 4 dakika kaldı.",
    },
  ],
  "bildirimler": [
    {
      "baslik": "⏰ 25 dk · Akşam vakti",
      "data": {
        "anonsMetni": "",
        "bildirimSesi": "varsayilan",
        "kanallar": {
          "bildirim": true,
        },
        "sesliAnons": false,
        "seviye": 1,
        "tarih": "<BUGUN>",
        "tip": "muhafiz",
        "vakit": "aksam",
      },
      "dkKala": 25,
      "govde": "Kur'an, gündüzün iki ucunda ve gecenin ilk saatlerinde namazı emreder; iyilikler kötülükleri giderir.
— Hûd sûresi 114 (özet)",
      "id": "muhafiz_<BUGUN>_vakit_aksam_seviye_1_dk_25",
      "kanalId": "muhafiz",
      "kategori": "muhafiz_category",
      "oncelik": "high",
      "ses": true,
      "tetikTipi": "date",
      "titresim": null,
    },
    {
      "baslik": "⚠️ 15 dk · Akşam vakti daralıyor",
      "data": {
        "anonsMetni": "",
        "bildirimSesi": "varsayilan",
        "kanallar": {
          "bildirim": true,
          "titresim": true,
        },
        "sesliAnons": false,
        "seviye": 2,
        "tarih": "<BUGUN>",
        "tip": "muhafiz",
        "vakit": "aksam",
      },
      "dkKala": 15,
      "govde": "Namazı sona bırakma; şimdi kılmak için vakit uygun.",
      "id": "muhafiz_<BUGUN>_vakit_aksam_seviye_2_dk_15",
      "kanalId": "muhafiz_aec026e2",
      "kategori": "muhafiz_category",
      "oncelik": "high",
      "ses": true,
      "tetikTipi": "date",
      "titresim": [
        0,
        400,
        150,
        400,
        150,
        400,
        150,
        700,
      ],
    },
    {
      "baslik": "⚠️ 10 dk · Akşam vakti daralıyor",
      "data": {
        "anonsMetni": "",
        "bildirimSesi": "varsayilan",
        "kanallar": {
          "bildirim": true,
          "titresim": true,
        },
        "sesliAnons": false,
        "seviye": 2,
        "tarih": "<BUGUN>",
        "tip": "muhafiz",
        "vakit": "aksam",
      },
      "dkKala": 10,
      "govde": "Namazı sona bırakma; şimdi kılmak için vakit uygun.",
      "id": "muhafiz_<BUGUN>_vakit_aksam_seviye_2_dk_10",
      "kanalId": "muhafiz_aec026e2",
      "kategori": "muhafiz_category",
      "oncelik": "high",
      "ses": true,
      "tetikTipi": "date",
      "titresim": [
        0,
        400,
        150,
        400,
        150,
        400,
        150,
        700,
      ],
    },
    {
      "baslik": "🔥 8 dk · Akşam vakti kaçıyor",
      "data": {
        "anonsMetni": "{vakit} vakti çıkıyor, {süre} dakika {yön}.",
        "bildirimSesi": "varsayilan",
        "kanallar": {
          "bildirim": true,
          "sesli": true,
        },
        "sesliAnons": true,
        "seviye": 3,
        "tarih": "<BUGUN>",
        "tip": "muhafiz",
        "vakit": "aksam",
      },
      "dkKala": 8,
      "govde": "Şeytan şu an sana "Sonra kılarsın" diye fısıldıyor. Onu dinleme!",
      "id": "muhafiz_<BUGUN>_vakit_aksam_seviye_3_dk_8",
      "kanalId": "muhafiz_acil",
      "kategori": "muhafiz_category",
      "oncelik": "max",
      "ses": true,
      "tetikTipi": "date",
      "titresim": null,
    },
    {
      "baslik": "🔥 4 dk · Akşam vakti kaçıyor",
      "data": {
        "anonsMetni": "{vakit} vakti çıkıyor, {süre} dakika {yön}.",
        "bildirimSesi": "varsayilan",
        "kanallar": {
          "bildirim": true,
          "sesli": true,
        },
        "sesliAnons": true,
        "seviye": 3,
        "tarih": "<BUGUN>",
        "tip": "muhafiz",
        "vakit": "aksam",
      },
      "dkKala": 4,
      "govde": "Şeytan şu an sana "Sonra kılarsın" diye fısıldıyor. Onu dinleme!",
      "id": "muhafiz_<BUGUN>_vakit_aksam_seviye_3_dk_4",
      "kanalId": "muhafiz_acil",
      "kategori": "muhafiz_category",
      "oncelik": "max",
      "ses": true,
      "tetikTipi": "date",
      "titresim": null,
    },
    {
      "baslik": "🚨 3 dk · AKŞAM VAKTİ ÇIKIYOR",
      "data": {
        "anonsMetni": "",
        "bildirimSesi": "content://media/internal/audio/media/42",
        "kanallar": {
          "bildirim": true,
          "titresim": true,
        },
        "sesliAnons": false,
        "seviye": 4,
        "tarih": "<BUGUN>",
        "tip": "muhafiz",
        "vakit": "aksam",
      },
      "dkKala": 3,
      "govde": "Hemen namaza dur — sonra kaza etmek zorunda kalırsın.",
      "id": "muhafiz_<BUGUN>_vakit_aksam_seviye_4_dk_3",
      "kanalId": "muhafiz_acil_4620883a",
      "kategori": "muhafiz_category",
      "oncelik": "max",
      "ses": true,
      "tetikTipi": "date",
      "titresim": [
        0,
        400,
        150,
        400,
        150,
        400,
        150,
        700,
      ],
    },
    {
      "baslik": "🚨 2 dk · AKŞAM VAKTİ ÇIKIYOR",
      "data": {
        "anonsMetni": "",
        "bildirimSesi": "content://media/internal/audio/media/42",
        "kanallar": {
          "bildirim": true,
          "titresim": true,
        },
        "sesliAnons": false,
        "seviye": 4,
        "tarih": "<BUGUN>",
        "tip": "muhafiz",
        "vakit": "aksam",
      },
      "dkKala": 2,
      "govde": "Hemen namaza dur — sonra kaza etmek zorunda kalırsın.",
      "id": "muhafiz_<BUGUN>_vakit_aksam_seviye_4_dk_2",
      "kanalId": "muhafiz_acil_4620883a",
      "kategori": "muhafiz_category",
      "oncelik": "max",
      "ses": true,
      "tetikTipi": "date",
      "titresim": [
        0,
        400,
        150,
        400,
        150,
        400,
        150,
        700,
      ],
    },
    {
      "baslik": "🚨 1 dk · AKŞAM VAKTİ ÇIKIYOR",
      "data": {
        "anonsMetni": "",
        "bildirimSesi": "content://media/internal/audio/media/42",
        "kanallar": {
          "bildirim": true,
          "titresim": true,
        },
        "sesliAnons": false,
        "seviye": 4,
        "tarih": "<BUGUN>",
        "tip": "muhafiz",
        "vakit": "aksam",
      },
      "dkKala": 1,
      "govde": "Hemen namaza dur — sonra kaza etmek zorunda kalırsın.",
      "id": "muhafiz_<BUGUN>_vakit_aksam_seviye_4_dk_1",
      "kanalId": "muhafiz_acil_4620883a",
      "kategori": "muhafiz_category",
      "oncelik": "max",
      "ses": true,
      "tetikTipi": "date",
      "titresim": [
        0,
        400,
        150,
        400,
        150,
        400,
        150,
        700,
      ],
    },
  ],
}
`;
