src/domain/services/KonumTakipServisi.ts(262,85): error TS2554: Expected 2-3 arguments, but got 5.
src/presentation/screens/HakkindaSayfasi.tsx(126,7): error TS2304: Cannot find name 'Logger'.
